
> e-learning_project@2.0.0 build
> next build

node.exe :  ÔÜá Invalid next.config.mjs options detected: 
Au caractère Ligne:1 : 1
+ & "C:\Program Files\nodejs/node.exe" "C:\Program Files\nodejs/node_mo ...
+ ~~~~~~~~~~~~~~~~~~~~~~~~~~~~~~~~~~~~~~~~~~~~~~~~~~~~~~~~~~~~~~~~~~~~~
    + CategoryInfo          : NotSpecified: ( ÔÜá Invalid ne...ions detected:  
   :String) [], RemoteException
    + FullyQualifiedErrorId : NativeCommandError
 
 ÔÜá     Unrecognized key(s) in object: 'serverActions'
 ÔÜá See more info here: https://nextjs.org/docs/messages/invalid-next-config
   Ôû▓ Next.js 15.2.8
   - Environments: .env.local

   Creating an optimized production build ...
